[www.bookofpussy.lol/index.html]
[backblue.gif]
[fade.gif]
[index.html]
[www.bookofpussy.lol/assets/images/faveicon.png]
[cdnjs.cloudflare.com/ajax/libs/bootstrap/5.3.3/css/bootstrap.min.css]
[cdnjs.cloudflare.com/ajax/libs/font-awesome/5.15.4/css/all.min.css]
[cdnjs.cloudflare.com/ajax/libs/OwlCarousel2/2.3.4/assets/owl.carousel.min.css]
[cdnjs.cloudflare.com/ajax/libs/OwlCarousel2/2.3.4/assets/owl.theme.default.min.css]
[cdn.lineicons.com/1.0.1/LineIcons.min.css]
[cdnjs.cloudflare.com/ajax/libs/animate.css/3.7.2/animate.min.css]
[unpkg.com/aos@2.3.1/dist/aos.css]
[www.bookofpussy.lol/assets/css/styles.css]
[www.bookofpussy.lol/assets/images/logo.png]
[www.bookofpussy.lol/assets/images/paw.png]
[www.bookofpussy.lol/assets/images/logo-2.png]
[www.bookofpussy.lol/assets/images/pinksale.svg]
[www.bookofpussy.lol/assets/images/raydium.png]
[www.bookofpussy.lol/assets/images/telegram.png]
[www.bookofpussy.lol/assets/images/hero.png]
[www.bookofpussy.lol/assets/images/x.png]
[www.bookofpussy.lol/assets/images/about-section.png]
[www.bookofpussy.lol/assets/images/cat-offer.png]
[www.bookofpussy.lol/assets/images/lbank.png]
[www.bookofpussy.lol/assets/images/coinstore.png]
[www.bookofpussy.lol/assets/images/xt.com.png]
[www.bookofpussy.lol/assets/images/bomew-coin.png]
[www.bookofpussy.lol/assets/images/cat-paw-border.png]
[www.bookofpussy.lol/assets/images/tokenomicsHeader.png]
[www.bookofpussy.lol/assets/images/tokenomicsHeading.svg]
[www.bookofpussy.lol/assets/images/tokenomics_chart.png]
[www.bookofpussy.lol/assets/images/TTM.png]
[www.bookofpussy.lol/assets/images/card1.png]
[www.bookofpussy.lol/assets/images/card2.png]
[www.bookofpussy.lol/assets/images/card3.png]
[www.bookofpussy.lol/assets/images/bowl.png]
[www.bookofpussy.lol/assets/images/fur-ball.png]
[www.bookofpussy.lol/assets/images/bomeow-mini.png]
[www.bookofpussy.lol/assets/images/meow.png]
[www.bookofpussy.lol/assets/images/DEXVIEW.png]
[www.bookofpussy.lol/assets/images/brand-1.png]
[www.bookofpussy.lol/assets/images/brand-4.svg]
[www.bookofpussy.lol/assets/images/brand-2.svg]
[www.bookofpussy.lol/assets/images/brand-3.png]
[www.bookofpussy.lol/assets/images/follow-image.png]
[www.bookofpussy.lol/assets/images/tg-logo.png]
[www.bookofpussy.lol/assets/images/x-logo.png]
[www.bookofpussy.lol/assets/images/choose1.png]
[www.bookofpussy.lol/assets/images/choose2.png]
[www.bookofpussy.lol/assets/images/choose4.png]
[www.bookofpussy.lol/assets/images/qa.png]
[www.bookofpussy.lol/assets/images/logo-1.png]
[www.bookofpussy.lol/assets/images/footer-image.png]
[cdnjs.cloudflare.com/ajax/libs/jquery/3.7.1/jquery.min.js]
[cdnjs.cloudflare.com/ajax/libs/bootstrap/5.3.3/js/bootstrap.bundle.min.js]
[cdnjs.cloudflare.com/ajax/libs/OwlCarousel2/2.3.4/owl.carousel.min.js]
[unpkg.com/aos@2.3.1/dist/aos.js]
[www.bookofpussy.lol/index.html]
[cdnjs.cloudflare.com/ajax/libs/bootstrap/5.3.3/css/bootstrap.min.css]
[cdnjs.cloudflare.com/ajax/libs/font-awesome/5.15.4/css/all.min.css]
[www.bookofpussy.lol/assets/js/script.js]
[cdnjs.cloudflare.com/ajax/libs/OwlCarousel2/2.3.4/assets/owl.video.play.png]
[cdnjs.cloudflare.com/ajax/libs/OwlCarousel2/2.3.4/assets/owl.carousel.min.css]
[cdnjs.cloudflare.com/ajax/libs/OwlCarousel2/2.3.4/assets/owl.theme.default.min.css]
[cdn.lineicons.com/1.0.1/fonts/LineIcons5594.eot]
[cdn.lineicons.com/1.0.1/fonts/LineIcons5594.ttf]
[cdn.lineicons.com/1.0.1/fonts/LineIcons5594.woff]
[cdn.lineicons.com/1.0.1/LineIcons.min.css]
[cdnjs.cloudflare.com/ajax/libs/animate.css/3.7.2/animate.min.css]
[unpkg.com/aos@2.3.1/dist/aos.css]
[cdn.lineicons.com/1.0.1/fonts/LineIcons5594.svg]
[www.bookofpussy.lol/assets/fonts/dish-out.ttf]
[www.bookofpussy.lol/assets/images/bg-2.png]
[www.bookofpussy.lol/assets/images/bg-gradient-2.png]
[www.bookofpussy.lol/assets/images/download.png]
[www.bookofpussy.lol/assets/css/styles.css]
[www.bookofpussy.lol/assets/images/pinksale.svg]
[www.bookofpussy.lol/assets/images/tokenomicsHeading.svg]
[www.bookofpussy.lol/assets/images/brand-4.svg]
[www.bookofpussy.lol/assets/images/brand-2.svg]
[cdn.lineicons.com/1.0.1/fonts/LineIcons5594.svg]
